  Determinando los proyectos que se van a restaurar...
  Todos los proyectos est├ín actualizados para la restauraci├│n.
D:\Proyectos Personales\WindowsLiveCaptionsReader\MainWindow.xaml.cs(41,36): warning CS8622: La nulabilidad de los tipos de referencia del tipo de par├ímetro"sender" de "void MainWindow.Reader_TextChanged(object sender, string text)" no coincide con el delegado de destino "EventHandler<string>" (posiblemente debido a los atributos de nulabilidad). [D:\Proyectos Personales\WindowsLiveCaptionsReader\WindowsLiveCaptionsReader.csproj]
D:\Proyectos Personales\WindowsLiveCaptionsReader\MainWindow.xaml.cs(42,38): warning CS8622: La nulabilidad de los tipos de referencia del tipo de par├ímetro"sender" de "void MainWindow.Reader_StatusChanged(object sender, string e)" no coincide con el delegado de destino "EventHandler<string>" (posiblemente debido a los atributos de nulabilidad). [D:\Proyectos Personales\WindowsLiveCaptionsReader\WindowsLiveCaptionsReader.csproj]
D:\Proyectos Personales\WindowsLiveCaptionsReader\MainWindow.xaml.cs(44,73): warning CS8604: Posible argumento de referencia nulo para el par├ímetro "sender" en "void MainWindow.Reader_TextChanged(object sender, string text)". [D:\Proyectos Personales\WindowsLiveCaptionsReader\WindowsLiveCaptionsReader.csproj]
D:\Proyectos Personales\WindowsLiveCaptionsReader\MainWindow.xaml.cs(66,23): warning CS8622: La nulabilidad de los tipos de referencia del tipo de par├ímetro"sender" de "void MainWindow.MainWindow_Closed(object sender, EventArgs e)" no coincide con el delegado de destino "EventHandler" (posiblemente debido a los atributos de nulabilidad). [D:\Proyectos Personales\WindowsLiveCaptionsReader\WindowsLiveCaptionsReader.csproj]
D:\Proyectos Personales\WindowsLiveCaptionsReader\MainWindow.xaml.cs(329,28): warning CS1998: El m├®todo asincr├│nico carece de operadores "await" y se ejecutar├í de forma sincr├│nica. Puede usar el operador 'await' para esperar llamadas API que no sean de bloqueo o 'await Task.Run(...)' para hacer tareas enlazadas a la CPU en un subproceso en segundo plano. [D:\Proyectos Personales\WindowsLiveCaptionsReader\WindowsLiveCaptionsReader.csproj]
D:\Proyectos Personales\WindowsLiveCaptionsReader\Services\OllamaService.cs(192,74): error CS0103: El nombre '_baseUrl' no existe en el contexto actual [D:\Proyectos Personales\WindowsLiveCaptionsReader\WindowsLiveCaptionsReader.csproj]

ERROR al compilar.

D:\Proyectos Personales\WindowsLiveCaptionsReader\MainWindow.xaml.cs(41,36): warning CS8622: La nulabilidad de los tipos de referencia del tipo de par├ímetro"sender" de "void MainWindow.Reader_TextChanged(object sender, string text)" no coincide con el delegado de destino "EventHandler<string>" (posiblemente debido a los atributos de nulabilidad). [D:\Proyectos Personales\WindowsLiveCaptionsReader\WindowsLiveCaptionsReader.csproj]
D:\Proyectos Personales\WindowsLiveCaptionsReader\MainWindow.xaml.cs(42,38): warning CS8622: La nulabilidad de los tipos de referencia del tipo de par├ímetro"sender" de "void MainWindow.Reader_StatusChanged(object sender, string e)" no coincide con el delegado de destino "EventHandler<string>" (posiblemente debido a los atributos de nulabilidad). [D:\Proyectos Personales\WindowsLiveCaptionsReader\WindowsLiveCaptionsReader.csproj]
D:\Proyectos Personales\WindowsLiveCaptionsReader\MainWindow.xaml.cs(44,73): warning CS8604: Posible argumento de referencia nulo para el par├ímetro "sender" en "void MainWindow.Reader_TextChanged(object sender, string text)". [D:\Proyectos Personales\WindowsLiveCaptionsReader\WindowsLiveCaptionsReader.csproj]
D:\Proyectos Personales\WindowsLiveCaptionsReader\MainWindow.xaml.cs(66,23): warning CS8622: La nulabilidad de los tipos de referencia del tipo de par├ímetro"sender" de "void MainWindow.MainWindow_Closed(object sender, EventArgs e)" no coincide con el delegado de destino "EventHandler" (posiblemente debido a los atributos de nulabilidad). [D:\Proyectos Personales\WindowsLiveCaptionsReader\WindowsLiveCaptionsReader.csproj]
D:\Proyectos Personales\WindowsLiveCaptionsReader\MainWindow.xaml.cs(329,28): warning CS1998: El m├®todo asincr├│nico carece de operadores "await" y se ejecutar├í de forma sincr├│nica. Puede usar el operador 'await' para esperar llamadas API que no sean de bloqueo o 'await Task.Run(...)' para hacer tareas enlazadas a la CPU en un subproceso en segundo plano. [D:\Proyectos Personales\WindowsLiveCaptionsReader\WindowsLiveCaptionsReader.csproj]
D:\Proyectos Personales\WindowsLiveCaptionsReader\Services\OllamaService.cs(192,74): error CS0103: El nombre '_baseUrl' no existe en el contexto actual [D:\Proyectos Personales\WindowsLiveCaptionsReader\WindowsLiveCaptionsReader.csproj]
    5 Advertencia(s)
    1 Errores

Tiempo transcurrido 00:00:00.82
